EVA2_7_INNER_JOIN

MySQL Shell 8.0.38

Copyright (c) 2016, 2024, Oracle and/or its affiliates.
Oracle is a registered trademark of Oracle Corporation and/or its affiliates.
Other names may be trademarks of their respective owners.

Type '\help' or '\?' for help; '\quit' to exit.
 MySQL  JS > \SQL
Unknown command: '\SQL'
 MySQL  JS > \mysql
Unknown command: '\mysql'
 MySQL  JS > \sql
Switching to SQL mode... Commands end with ;
 MySQL  SQL > \connect --mc root@localhost
Creating a Classic session to 'root@localhost'
Fetching global names for auto-completion... Press ^C to stop.
Your MySQL connection id is 9
Server version: 8.0.39 MySQL Community Server - GPL
No default schema selected; type \use <schema> to set one.
 MySQL  localhost:3306 ssl  SQL > use sakila;
Default schema set to `sakila`.
Fetching global names, object names from `sakila` for auto-completion... Press ^C to stop.
 MySQL  localhost:3306 ssl  sakila  SQL > select payment_id, customer_id, amount from payment limit 50;
+------------+-------------+--------+
| payment_id | customer_id | amount |
+------------+-------------+--------+
|          1 |           1 |   2.99 |
|          2 |           1 |   0.99 |
|          3 |           1 |   5.99 |
|          4 |           1 |   0.99 |
|          5 |           1 |   9.99 |
|          6 |           1 |   4.99 |
|          7 |           1 |   4.99 |
|          8 |           1 |   0.99 |
|          9 |           1 |   3.99 |
|         10 |           1 |   5.99 |
|         11 |           1 |   5.99 |
|         12 |           1 |   4.99 |
|         13 |           1 |   4.99 |
|         14 |           1 |   7.99 |
|         15 |           1 |   2.99 |
|         16 |           1 |   4.99 |
|         17 |           1 |   4.99 |
|         18 |           1 |   0.99 |
|         19 |           1 |   0.99 |
|         20 |           1 |   2.99 |
|         21 |           1 |   2.99 |
|         22 |           1 |   4.99 |
|         23 |           1 |   3.99 |
|         24 |           1 |   0.99 |
|         25 |           1 |   4.99 |
|         26 |           1 |   0.99 |
|         27 |           1 |   0.99 |
|         28 |           1 |   2.99 |
|         29 |           1 |   0.99 |
|         30 |           1 |   1.99 |
|         31 |           1 |   2.99 |
|         32 |           1 |   5.99 |
|         33 |           2 |   4.99 |
|         34 |           2 |   2.99 |
|         35 |           2 |   2.99 |
|         36 |           2 |   6.99 |
|         37 |           2 |   4.99 |
|         38 |           2 |   5.99 |
|         39 |           2 |   5.99 |
|         40 |           2 |   5.99 |
|         41 |           2 |   2.99 |
|         42 |           2 |   5.99 |
|         43 |           2 |   4.99 |
|         44 |           2 |  10.99 |
|         45 |           2 |   0.99 |
|         46 |           2 |   6.99 |
|         47 |           2 |   6.99 |
|         48 |           2 |   2.99 |
|         49 |           2 |   0.99 |
|         50 |           2 |   0.99 |
+------------+-------------+--------+
50 rows in set (1.4798 sec)
 MySQL  localhost:3306 ssl  sakila  SQL > select a.payment_id. a.customer_id, a.amount, from payment limit 50 b.first_name, b.last_name;
ERROR: 1064 (42000): You have an error in your SQL syntax; check the manual that corresponds to your MySQL server version for the right syntax to use near '.customer_id, a.amount, from payment limit 50 b.first_name, b.last_name' at line 1
 MySQL  localhost:3306 ssl  sakila  SQL > select a.payment_id, a.customer_id, a.amount, from payment limit 50 b.first_name, b.last_name;
ERROR: 1064 (42000): You have an error in your SQL syntax; check the manual that corresponds to your MySQL server version for the right syntax to use near 'from payment limit 50 b.first_name, b.last_name' at line 1
 MySQL  localhost:3306 ssl  sakila  SQL > select a.customer_id, a.amount, b.first_name, b.last_name from payment a inner join customer b on a.custommer_id = b.customer_id limit 50;
ERROR: 1054 (42S22): Unknown column 'a.custommer_id' in 'on clause'
 MySQL  localhost:3306 ssl  sakila  SQL > select a.customer_id, a.amount, b.first_name, b.last_name from payment a inner join customer b on a.customer_id = b.customer_id limit 50;
+-------------+--------+------------+-----------+
| customer_id | amount | first_name | last_name |
+-------------+--------+------------+-----------+
|           1 |   2.99 | MARY       | SMITH     |
|           1 |   0.99 | MARY       | SMITH     |
|           1 |   5.99 | MARY       | SMITH     |
|           1 |   0.99 | MARY       | SMITH     |
|           1 |   9.99 | MARY       | SMITH     |
|           1 |   4.99 | MARY       | SMITH     |
|           1 |   4.99 | MARY       | SMITH     |
|           1 |   0.99 | MARY       | SMITH     |
|           1 |   3.99 | MARY       | SMITH     |
|           1 |   5.99 | MARY       | SMITH     |
|           1 |   5.99 | MARY       | SMITH     |
|           1 |   4.99 | MARY       | SMITH     |
|           1 |   4.99 | MARY       | SMITH     |
|           1 |   7.99 | MARY       | SMITH     |
|           1 |   2.99 | MARY       | SMITH     |
|           1 |   4.99 | MARY       | SMITH     |
|           1 |   4.99 | MARY       | SMITH     |
|           1 |   0.99 | MARY       | SMITH     |
|           1 |   0.99 | MARY       | SMITH     |
|           1 |   2.99 | MARY       | SMITH     |
|           1 |   2.99 | MARY       | SMITH     |
|           1 |   4.99 | MARY       | SMITH     |
|           1 |   3.99 | MARY       | SMITH     |
|           1 |   0.99 | MARY       | SMITH     |
|           1 |   4.99 | MARY       | SMITH     |
|           1 |   0.99 | MARY       | SMITH     |
|           1 |   0.99 | MARY       | SMITH     |
|           1 |   2.99 | MARY       | SMITH     |
|           1 |   0.99 | MARY       | SMITH     |
|           1 |   1.99 | MARY       | SMITH     |
|           1 |   2.99 | MARY       | SMITH     |
|           1 |   5.99 | MARY       | SMITH     |
|           2 |   4.99 | PATRICIA   | JOHNSON   |
|           2 |   2.99 | PATRICIA   | JOHNSON   |
|           2 |   2.99 | PATRICIA   | JOHNSON   |
|           2 |   6.99 | PATRICIA   | JOHNSON   |
|           2 |   4.99 | PATRICIA   | JOHNSON   |
|           2 |   5.99 | PATRICIA   | JOHNSON   |
|           2 |   5.99 | PATRICIA   | JOHNSON   |
|           2 |   5.99 | PATRICIA   | JOHNSON   |
|           2 |   2.99 | PATRICIA   | JOHNSON   |
|           2 |   5.99 | PATRICIA   | JOHNSON   |
|           2 |   4.99 | PATRICIA   | JOHNSON   |
|           2 |  10.99 | PATRICIA   | JOHNSON   |
|           2 |   0.99 | PATRICIA   | JOHNSON   |
|           2 |   6.99 | PATRICIA   | JOHNSON   |
|           2 |   6.99 | PATRICIA   | JOHNSON   |
|           2 |   2.99 | PATRICIA   | JOHNSON   |
|           2 |   0.99 | PATRICIA   | JOHNSON   |
|           2 |   0.99 | PATRICIA   | JOHNSON   |
+-------------+--------+------------+-----------+
50 rows in set (0.0020 sec)
 MySQL  localhost:3306 ssl  sakila  SQL > use world_x;
MySQL Error 1049: Unknown database 'world_x'
 MySQL  localhost:3306 ssl  sakila  SQL > show tables;
+----------------------------+
| Tables_in_sakila           |
+----------------------------+
| actor                      |
| actor_info                 |
| address                    |
| category                   |
| city                       |
| country                    |
| customer                   |
| customer_list              |
| film                       |
| film_actor                 |
| film_category              |
| film_list                  |
| film_text                  |
| inventory                  |
| language                   |
| nicer_but_slower_film_list |
| payment                    |
| rental                     |
| sales_by_film_category     |
| sales_by_store             |
| staff                      |
| staff_list                 |
| store                      |
+----------------------------+
23 rows in set (0.0062 sec)
 MySQL  localhost:3306 ssl  sakila  SQL > desc city;
+-------------+-------------------+------+-----+-------------------+-----------------------------------------------+
| Field       | Type              | Null | Key | Default           | Extra                                         |
+-------------+-------------------+------+-----+-------------------+-----------------------------------------------+
| city_id     | smallint unsigned | NO   | PRI | NULL              | auto_increment                                |
| city        | varchar(50)       | NO   |     | NULL              |                                               |
| country_id  | smallint unsigned | NO   | MUL | NULL              |                                               |
| last_update | timestamp         | NO   |     | CURRENT_TIMESTAMP | DEFAULT_GENERATED on update CURRENT_TIMESTAMP |
+-------------+-------------------+------+-----+-------------------+-----------------------------------------------+
4 rows in set (0.0144 sec)
 MySQL  localhost:3306 ssl  sakila  SQL > select count(*) from city;
+----------+
| count(*) |
+----------+
|      600 |
+----------+
1 row in set (1.6670 sec)
 MySQL  localhost:3306 ssl  sakila  SQL > select* from city limit 50;
+---------+-------------------------+------------+---------------------+
| city_id | city                    | country_id | last_update         |
+---------+-------------------------+------------+---------------------+
|       1 | A Coruña (La Coruña)    |         87 | 2006-02-15 04:45:25 |
|       2 | Abha                    |         82 | 2006-02-15 04:45:25 |
|       3 | Abu Dhabi               |        101 | 2006-02-15 04:45:25 |
|       4 | Acuña                   |         60 | 2006-02-15 04:45:25 |
|       5 | Adana                   |         97 | 2006-02-15 04:45:25 |
|       6 | Addis Abeba             |         31 | 2006-02-15 04:45:25 |
|       7 | Aden                    |        107 | 2006-02-15 04:45:25 |
|       8 | Adoni                   |         44 | 2006-02-15 04:45:25 |
|       9 | Ahmadnagar              |         44 | 2006-02-15 04:45:25 |
|      10 | Akishima                |         50 | 2006-02-15 04:45:25 |
|      11 | Akron                   |        103 | 2006-02-15 04:45:25 |
|      12 | al-Ayn                  |        101 | 2006-02-15 04:45:25 |
|      13 | al-Hawiya               |         82 | 2006-02-15 04:45:25 |
|      14 | al-Manama               |         11 | 2006-02-15 04:45:25 |
|      15 | al-Qadarif              |         89 | 2006-02-15 04:45:25 |
|      16 | al-Qatif                |         82 | 2006-02-15 04:45:25 |
|      17 | Alessandria             |         49 | 2006-02-15 04:45:25 |
|      18 | Allappuzha (Alleppey)   |         44 | 2006-02-15 04:45:25 |
|      19 | Allende                 |         60 | 2006-02-15 04:45:25 |
|      20 | Almirante Brown         |          6 | 2006-02-15 04:45:25 |
|      21 | Alvorada                |         15 | 2006-02-15 04:45:25 |
|      22 | Ambattur                |         44 | 2006-02-15 04:45:25 |
|      23 | Amersfoort              |         67 | 2006-02-15 04:45:25 |
|      24 | Amroha                  |         44 | 2006-02-15 04:45:25 |
|      25 | Angra dos Reis          |         15 | 2006-02-15 04:45:25 |
|      26 | Anápolis                |         15 | 2006-02-15 04:45:25 |
|      27 | Antofagasta             |         22 | 2006-02-15 04:45:25 |
|      28 | Aparecida de Goiânia    |         15 | 2006-02-15 04:45:25 |
|      29 | Apeldoorn               |         67 | 2006-02-15 04:45:25 |
|      30 | Araçatuba               |         15 | 2006-02-15 04:45:25 |
|      31 | Arak                    |         46 | 2006-02-15 04:45:25 |
|      32 | Arecibo                 |         77 | 2006-02-15 04:45:25 |
|      33 | Arlington               |        103 | 2006-02-15 04:45:25 |
|      34 | Ashdod                  |         48 | 2006-02-15 04:45:25 |
|      35 | Ashgabat                |         98 | 2006-02-15 04:45:25 |
|      36 | Ashqelon                |         48 | 2006-02-15 04:45:25 |
|      37 | Asunción                |         73 | 2006-02-15 04:45:25 |
|      38 | Athenai                 |         39 | 2006-02-15 04:45:25 |
|      39 | Atšinsk                 |         80 | 2006-02-15 04:45:25 |
|      40 | Atlixco                 |         60 | 2006-02-15 04:45:25 |
|      41 | Augusta-Richmond County |        103 | 2006-02-15 04:45:25 |
|      42 | Aurora                  |        103 | 2006-02-15 04:45:25 |
|      43 | Avellaneda              |          6 | 2006-02-15 04:45:25 |
|      44 | Bagé                    |         15 | 2006-02-15 04:45:25 |
|      45 | Bahía Blanca            |          6 | 2006-02-15 04:45:25 |
|      46 | Baicheng                |         23 | 2006-02-15 04:45:25 |
|      47 | Baiyin                  |         23 | 2006-02-15 04:45:25 |
|      48 | Baku                    |         10 | 2006-02-15 04:45:25 |
|      49 | Balašiha                |         80 | 2006-02-15 04:45:25 |
|      50 | Balikesir               |         97 | 2006-02-15 04:45:25 |
+---------+-------------------------+------------+---------------------+
50 rows in set (0.0028 sec)
 MySQL  localhost:3306 ssl  sakila  SQL > desc country;
+-------------+-------------------+------+-----+-------------------+-----------------------------------------------+
| Field       | Type              | Null | Key | Default           | Extra                                         |
+-------------+-------------------+------+-----+-------------------+-----------------------------------------------+
| country_id  | smallint unsigned | NO   | PRI | NULL              | auto_increment                                |
| country     | varchar(50)       | NO   |     | NULL              |                                               |
| last_update | timestamp         | NO   |     | CURRENT_TIMESTAMP | DEFAULT_GENERATED on update CURRENT_TIMESTAMP |
+-------------+-------------------+------+-----+-------------------+-----------------------------------------------+
3 rows in set (0.0065 sec)
 MySQL  localhost:3306 ssl  sakila  SQL > select a.id, a.name, b.name from citya inner join country b on a.countrycode = b.code limit 50;
ERROR: 1146 (42S02): Table 'sakila.citya' doesn't exist
 MySQL  localhost:3306 ssl  sakila  SQL > select a.id, a.name, b.name from city a inner join country b on a.countrycode = b.code limit 50;
ERROR: 1054 (42S22): Unknown column 'a.id' in 'field list'
 MySQL  localhost:3306 ssl  sakila  SQL > select a.id, a.name, b.name from city a inner join country b on a.countrycode = b.code limit 50;
ERROR: 1054 (42S22): Unknown column 'a.id' in 'field list'
 MySQL  localhost:3306 ssl  sakila  SQL > use world_x;
MySQL Error 1049: Unknown database 'world_x'
 MySQL  localhost:3306 ssl  sakila  SQL > show databases;
+--------------------+
| Database           |
+--------------------+
| automovil          |
| information_schema |
| mysql              |
| performance_schema |
| sakila             |
| sys                |
| tbd_e1             |
| tbd_e2             |
| world              |
+--------------------+
9 rows in set (0.0024 sec)
 MySQL  localhost:3306 ssl  sakila  SQL > use world;
Default schema set to `world`.
Fetching global names, object names from `world` for auto-completion... Press ^C to stop.
 MySQL  localhost:3306 ssl  world  SQL > show tables;
+-----------------+
| Tables_in_world |
+-----------------+
| city            |
| country         |
| countrylanguage |
+-----------------+
3 rows in set (0.0047 sec)
 MySQL  localhost:3306 ssl  world  SQL > select a.id, a.name, b.name from city a inner join country b on a.countrycode = b.code limit 50;
+-----+-----------------------+----------------------+
| id  | name                  | name                 |
+-----+-----------------------+----------------------+
| 129 | Oranjestad            | Aruba                |
|   1 | Kabul                 | Afghanistan          |
|   2 | Qandahar              | Afghanistan          |
|   3 | Herat                 | Afghanistan          |
|   4 | Mazar-e-Sharif        | Afghanistan          |
|  56 | Luanda                | Angola               |
|  57 | Huambo                | Angola               |
|  58 | Lobito                | Angola               |
|  59 | Benguela              | Angola               |
|  60 | Namibe                | Angola               |
|  61 | South Hill            | Anguilla             |
|  62 | The Valley            | Anguilla             |
|  34 | Tirana                | Albania              |
|  55 | Andorra la Vella      | Andorra              |
|  33 | Willemstad            | Netherlands Antilles |
|  64 | Dubai                 | United Arab Emirates |
|  65 | Abu Dhabi             | United Arab Emirates |
|  66 | Sharja                | United Arab Emirates |
|  67 | al-Ayn                | United Arab Emirates |
|  68 | Ajman                 | United Arab Emirates |
|  69 | Buenos Aires          | Argentina            |
|  70 | La Matanza            | Argentina            |
|  71 | Córdoba               | Argentina            |
|  72 | Rosario               | Argentina            |
|  73 | Lomas de Zamora       | Argentina            |
|  74 | Quilmes               | Argentina            |
|  75 | Almirante Brown       | Argentina            |
|  76 | La Plata              | Argentina            |
|  77 | Mar del Plata         | Argentina            |
|  78 | San Miguel de Tucumán | Argentina            |
|  79 | Lanús                 | Argentina            |
|  80 | Merlo                 | Argentina            |
|  81 | General San Martín    | Argentina            |
|  82 | Salta                 | Argentina            |
|  83 | Moreno                | Argentina            |
|  84 | Santa Fé              | Argentina            |
|  85 | Avellaneda            | Argentina            |
|  86 | Tres de Febrero       | Argentina            |
|  87 | Morón                 | Argentina            |
|  88 | Florencio Varela      | Argentina            |
|  89 | San Isidro            | Argentina            |
|  90 | Tigre                 | Argentina            |
|  91 | Malvinas Argentinas   | Argentina            |
|  92 | Vicente López         | Argentina            |
|  93 | Berazategui           | Argentina            |
|  94 | Corrientes            | Argentina            |
|  95 | San Miguel            | Argentina            |
|  96 | Bahía Blanca          | Argentina            |
|  97 | Esteban Echeverría    | Argentina            |
|  98 | Resistencia           | Argentina            |
+-----+-----------------------+----------------------+
50 rows in set (0.8372 sec)
 MySQL  localhost:3306 ssl  world  SQL > desc country;
+----------------+---------------------------------------------------------------------------------------+------+-----+---------+-------+
| Field          | Type                                                                                  | Null | Key | Default | Extra |
+----------------+---------------------------------------------------------------------------------------+------+-----+---------+-------+
| Code           | char(3)                                                                               | NO   | PRI |         |       |
| Name           | char(52)                                                                              | NO   |     |         |       |
| Continent      | enum('Asia','Europe','North America','Africa','Oceania','Antarctica','South America') | NO   |     | Asia    |       |
| Region         | char(26)                                                                              | NO   |     |         |       |
| SurfaceArea    | decimal(10,2)                                                                         | NO   |     | 0.00    |       |
| IndepYear      | smallint                                                                              | YES  |     | NULL    |       |
| Population     | int                                                                                   | NO   |     | 0       |       |
| LifeExpectancy | decimal(3,1)                                                                          | YES  |     | NULL    |       |
| GNP            | decimal(10,2)                                                                         | YES  |     | NULL    |       |
| GNPOld         | decimal(10,2)                                                                         | YES  |     | NULL    |       |
| LocalName      | char(45)                                                                              | NO   |     |         |       |
| GovernmentForm | char(45)                                                                              | NO   |     |         |       |
| HeadOfState    | char(60)                                                                              | YES  |     | NULL    |       |
| Capital        | int                                                                                   | YES  |     | NULL    |       |
| Code2          | char(2)                                                                               | NO   |     |         |       |
+----------------+---------------------------------------------------------------------------------------+------+-----+---------+-------+
15 rows in set (0.0053 sec)
 MySQL  localhost:3306 ssl  world  SQL > select a.id, a.name from city a inner joincountry b on a.country = b.code limit 50;
ERROR: 1064 (42000): You have an error in your SQL syntax; check the manual that corresponds to your MySQL server version for the right syntax to use near 'joincountry b on a.country = b.code limit 50' at line 1
 MySQL  localhost:3306 ssl  world  SQL > select a.id, a.name from city a inner joincountry b on a.countrycode = b.code limit 50;
ERROR: 1064 (42000): You have an error in your SQL syntax; check the manual that corresponds to your MySQL server version for the right syntax to use near 'joincountry b on a.countrycode = b.code limit 50' at line 1
 MySQL  localhost:3306 ssl  world  SQL > select a.id, a.name, b.name from city a inner join country b on a.countrycode = b.code limit 50;
+----+---------------------+----------------------+
| id | name                | name                 |
+----+---------------------+----------------------+
|  1 | Kabul               | Afghanistan          |
|  2 | Qandahar            | Afghanistan          |
|  3 | Herat               | Afghanistan          |
|  4 | Mazar-e-Sharif      | Afghanistan          |
|  5 | Amsterdam           | Netherlands          |
|  6 | Rotterdam           | Netherlands          |
|  7 | Haag                | Netherlands          |
|  8 | Utrecht             | Netherlands          |
|  9 | Eindhoven           | Netherlands          |
| 10 | Tilburg             | Netherlands          |
| 11 | Groningen           | Netherlands          |
| 12 | Breda               | Netherlands          |
| 13 | Apeldoorn           | Netherlands          |
| 14 | Nijmegen            | Netherlands          |
| 15 | Enschede            | Netherlands          |
| 16 | Haarlem             | Netherlands          |
| 17 | Almere              | Netherlands          |
| 18 | Arnhem              | Netherlands          |
| 19 | Zaanstad            | Netherlands          |
| 20 | ´s-Hertogenbosch    | Netherlands          |
| 21 | Amersfoort          | Netherlands          |
| 22 | Maastricht          | Netherlands          |
| 23 | Dordrecht           | Netherlands          |
| 24 | Leiden              | Netherlands          |
| 25 | Haarlemmermeer      | Netherlands          |
| 26 | Zoetermeer          | Netherlands          |
| 27 | Emmen               | Netherlands          |
| 28 | Zwolle              | Netherlands          |
| 29 | Ede                 | Netherlands          |
| 30 | Delft               | Netherlands          |
| 31 | Heerlen             | Netherlands          |
| 32 | Alkmaar             | Netherlands          |
| 33 | Willemstad          | Netherlands Antilles |
| 34 | Tirana              | Albania              |
| 35 | Alger               | Algeria              |
| 36 | Oran                | Algeria              |
| 37 | Constantine         | Algeria              |
| 38 | Annaba              | Algeria              |
| 39 | Batna               | Algeria              |
| 40 | Sétif               | Algeria              |
| 41 | Sidi Bel Abbès      | Algeria              |
| 42 | Skikda              | Algeria              |
| 43 | Biskra              | Algeria              |
| 44 | Blida (el-Boulaida) | Algeria              |
| 45 | Béjaïa              | Algeria              |
| 46 | Mostaganem          | Algeria              |
| 47 | Tébessa             | Algeria              |
| 48 | Tlemcen (Tilimsen)  | Algeria              |
| 49 | Béchar              | Algeria              |
| 50 | Tiaret              | Algeria              |
+----+---------------------+----------------------+
50 rows in set (0.0122 sec)
 MySQL  localhost:3306 ssl  world  SQL > select a.id, a.name, b.name from city a inner join country b on a.countrycode = b.code limit 100;
+-----+-----------------------+----------------------+
| id  | name                  | name                 |
+-----+-----------------------+----------------------+
|   1 | Kabul                 | Afghanistan          |
|   2 | Qandahar              | Afghanistan          |
|   3 | Herat                 | Afghanistan          |
|   4 | Mazar-e-Sharif        | Afghanistan          |
|   5 | Amsterdam             | Netherlands          |
|   6 | Rotterdam             | Netherlands          |
|   7 | Haag                  | Netherlands          |
|   8 | Utrecht               | Netherlands          |
|   9 | Eindhoven             | Netherlands          |
|  10 | Tilburg               | Netherlands          |
|  11 | Groningen             | Netherlands          |
|  12 | Breda                 | Netherlands          |
|  13 | Apeldoorn             | Netherlands          |
|  14 | Nijmegen              | Netherlands          |
|  15 | Enschede              | Netherlands          |
|  16 | Haarlem               | Netherlands          |
|  17 | Almere                | Netherlands          |
|  18 | Arnhem                | Netherlands          |
|  19 | Zaanstad              | Netherlands          |
|  20 | ´s-Hertogenbosch      | Netherlands          |
|  21 | Amersfoort            | Netherlands          |
|  22 | Maastricht            | Netherlands          |
|  23 | Dordrecht             | Netherlands          |
|  24 | Leiden                | Netherlands          |
|  25 | Haarlemmermeer        | Netherlands          |
|  26 | Zoetermeer            | Netherlands          |
|  27 | Emmen                 | Netherlands          |
|  28 | Zwolle                | Netherlands          |
|  29 | Ede                   | Netherlands          |
|  30 | Delft                 | Netherlands          |
|  31 | Heerlen               | Netherlands          |
|  32 | Alkmaar               | Netherlands          |
|  33 | Willemstad            | Netherlands Antilles |
|  34 | Tirana                | Albania              |
|  35 | Alger                 | Algeria              |
|  36 | Oran                  | Algeria              |
|  37 | Constantine           | Algeria              |
|  38 | Annaba                | Algeria              |
|  39 | Batna                 | Algeria              |
|  40 | Sétif                 | Algeria              |
|  41 | Sidi Bel Abbès        | Algeria              |
|  42 | Skikda                | Algeria              |
|  43 | Biskra                | Algeria              |
|  44 | Blida (el-Boulaida)   | Algeria              |
|  45 | Béjaïa                | Algeria              |
|  46 | Mostaganem            | Algeria              |
|  47 | Tébessa               | Algeria              |
|  48 | Tlemcen (Tilimsen)    | Algeria              |
|  49 | Béchar                | Algeria              |
|  50 | Tiaret                | Algeria              |
|  51 | Ech-Chleff (el-Asnam) | Algeria              |
|  52 | Ghardaïa              | Algeria              |
|  53 | Tafuna                | American Samoa       |
|  54 | Fagatogo              | American Samoa       |
|  55 | Andorra la Vella      | Andorra              |
|  56 | Luanda                | Angola               |
|  57 | Huambo                | Angola               |
|  58 | Lobito                | Angola               |
|  59 | Benguela              | Angola               |
|  60 | Namibe                | Angola               |
|  61 | South Hill            | Anguilla             |
|  62 | The Valley            | Anguilla             |
|  63 | Saint John´s          | Antigua and Barbuda  |
|  64 | Dubai                 | United Arab Emirates |
|  65 | Abu Dhabi             | United Arab Emirates |
|  66 | Sharja                | United Arab Emirates |
|  67 | al-Ayn                | United Arab Emirates |
|  68 | Ajman                 | United Arab Emirates |
|  69 | Buenos Aires          | Argentina            |
|  70 | La Matanza            | Argentina            |
|  71 | Córdoba               | Argentina            |
|  72 | Rosario               | Argentina            |
|  73 | Lomas de Zamora       | Argentina            |
|  74 | Quilmes               | Argentina            |
|  75 | Almirante Brown       | Argentina            |
|  76 | La Plata              | Argentina            |
|  77 | Mar del Plata         | Argentina            |
|  78 | San Miguel de Tucumán | Argentina            |
|  79 | Lanús                 | Argentina            |
|  80 | Merlo                 | Argentina            |
|  81 | General San Martín    | Argentina            |
|  82 | Salta                 | Argentina            |
|  83 | Moreno                | Argentina            |
|  84 | Santa Fé              | Argentina            |
|  85 | Avellaneda            | Argentina            |
|  86 | Tres de Febrero       | Argentina            |
|  87 | Morón                 | Argentina            |
|  88 | Florencio Varela      | Argentina            |
|  89 | San Isidro            | Argentina            |
|  90 | Tigre                 | Argentina            |
|  91 | Malvinas Argentinas   | Argentina            |
|  92 | Vicente López         | Argentina            |
|  93 | Berazategui           | Argentina            |
|  94 | Corrientes            | Argentina            |
|  95 | San Miguel            | Argentina            |
|  96 | Bahía Blanca          | Argentina            |
|  97 | Esteban Echeverría    | Argentina            |
|  98 | Resistencia           | Argentina            |
|  99 | José C. Paz           | Argentina            |
| 100 | Paraná                | Argentina            |
+-----+-----------------------+----------------------+
100 rows in set (0.0020 sec)
 MySQL  localhost:3306 ssl  world  SQL > desc country;
+----------------+---------------------------------------------------------------------------------------+------+-----+---------+-------+
| Field          | Type                                                                                  | Null | Key | Default | Extra |
+----------------+---------------------------------------------------------------------------------------+------+-----+---------+-------+
| Code           | char(3)                                                                               | NO   | PRI |         |       |
| Name           | char(52)                                                                              | NO   |     |         |       |
| Continent      | enum('Asia','Europe','North America','Africa','Oceania','Antarctica','South America') | NO   |     | Asia    |       |
| Region         | char(26)                                                                              | NO   |     |         |       |
| SurfaceArea    | decimal(10,2)                                                                         | NO   |     | 0.00    |       |
| IndepYear      | smallint                                                                              | YES  |     | NULL    |       |
| Population     | int                                                                                   | NO   |     | 0       |       |
| LifeExpectancy | decimal(3,1)                                                                          | YES  |     | NULL    |       |
| GNP            | decimal(10,2)                                                                         | YES  |     | NULL    |       |
| GNPOld         | decimal(10,2)                                                                         | YES  |     | NULL    |       |
| LocalName      | char(45)                                                                              | NO   |     |         |       |
| GovernmentForm | char(45)                                                                              | NO   |     |         |       |
| HeadOfState    | char(60)                                                                              | YES  |     | NULL    |       |
| Capital        | int                                                                                   | YES  |     | NULL    |       |
| Code2          | char(2)                                                                               | NO   |     |         |       |
+----------------+---------------------------------------------------------------------------------------+------+-----+---------+-------+
15 rows in set (0.0069 sec)
 MySQL  localhost:3306 ssl  world  SQL > desct countrylanguage;
ERROR: 1064 (42000): You have an error in your SQL syntax; check the manual that corresponds to your MySQL server version for the right syntax to use near 'desct countrylanguage' at line 1
 MySQL  localhost:3306 ssl  world  SQL > desc countrylanguage;
+-------------+---------------+------+-----+---------+-------+
| Field       | Type          | Null | Key | Default | Extra |
+-------------+---------------+------+-----+---------+-------+
| CountryCode | char(3)       | NO   | PRI |         |       |
| Language    | char(30)      | NO   | PRI |         |       |
| IsOfficial  | enum('T','F') | NO   |     | F       |       |
| Percentage  | decimal(4,1)  | NO   |     | 0.0     |       |
+-------------+---------------+------+-----+---------+-------+
4 rows in set (0.0043 sec)
 MySQL  localhost:3306 ssl  world  SQL > select count(*) from country;
+----------+
| count(*) |
+----------+
|      239 |
+----------+
1 row in set (0.1626 sec)
 MySQL  localhost:3306 ssl  world  SQL > select a.name, b.language from country a inner join countrylanguage b on a.code = b.countrycode;
+---------------------------------------+---------------------------+
| name                                  | language                  |
+---------------------------------------+---------------------------+
| Aruba                                 | Dutch                     |
| Aruba                                 | English                   |
| Aruba                                 | Papiamento                |
| Aruba                                 | Spanish                   |
| Afghanistan                           | Balochi                   |
| Afghanistan                           | Dari                      |
| Afghanistan                           | Pashto                    |
| Afghanistan                           | Turkmenian                |
| Afghanistan                           | Uzbek                     |
| Angola                                | Ambo                      |
| Angola                                | Chokwe                    |
| Angola                                | Kongo                     |
| Angola                                | Luchazi                   |
| Angola                                | Luimbe-nganguela          |
| Angola                                | Luvale                    |
| Angola                                | Mbundu                    |
| Angola                                | Nyaneka-nkhumbi           |
| Angola                                | Ovimbundu                 |
| Anguilla                              | English                   |
| Albania                               | Albaniana                 |
| Albania                               | Greek                     |
| Albania                               | Macedonian                |
| Andorra                               | Catalan                   |
| Andorra                               | French                    |
| Andorra                               | Portuguese                |
| Andorra                               | Spanish                   |
| Netherlands Antilles                  | Dutch                     |
| Netherlands Antilles                  | English                   |
| Netherlands Antilles                  | Papiamento                |
| United Arab Emirates                  | Arabic                    |
| United Arab Emirates                  | Hindi                     |
| Argentina                             | Indian Languages          |
| Argentina                             | Italian                   |
| Argentina                             | Spanish                   |
| Armenia                               | Armenian                  |
| Armenia                               | Azerbaijani               |
| American Samoa                        | English                   |
| American Samoa                        | Samoan                    |
| American Samoa                        | Tongan                    |
| Antigua and Barbuda                   | Creole English            |
| Antigua and Barbuda                   | English                   |
| Australia                             | Arabic                    |
| Australia                             | Canton Chinese            |
| Australia                             | English                   |
| Australia                             | German                    |
| Australia                             | Greek                     |
| Australia                             | Italian                   |
| Australia                             | Serbo-Croatian            |
| Australia                             | Vietnamese                |
| Austria                               | Czech                     |
| Austria                               | German                    |
| Austria                               | Hungarian                 |
| Austria                               | Polish                    |
| Austria                               | Romanian                  |
| Austria                               | Serbo-Croatian            |
| Austria                               | Slovene                   |
| Austria                               | Turkish                   |
| Azerbaijan                            | Armenian                  |
| Azerbaijan                            | Azerbaijani               |
| Azerbaijan                            | Lezgian                   |
| Azerbaijan                            | Russian                   |
| Burundi                               | French                    |
| Burundi                               | Kirundi                   |
| Burundi                               | Swahili                   |
| Belgium                               | Arabic                    |
| Belgium                               | Dutch                     |
| Belgium                               | French                    |
| Belgium                               | German                    |
| Belgium                               | Italian                   |
| Belgium                               | Turkish                   |
| Benin                                 | Adja                      |
| Benin                                 | Aizo                      |
| Benin                                 | Bariba                    |
| Benin                                 | Fon                       |
| Benin                                 | Ful                       |
| Benin                                 | Joruba                    |
| Benin                                 | Somba                     |
| Burkina Faso                          | Busansi                   |
| Burkina Faso                          | Dagara                    |
| Burkina Faso                          | Dyula                     |
| Burkina Faso                          | Ful                       |
| Burkina Faso                          | Gurma                     |
| Burkina Faso                          | Mossi                     |
| Bangladesh                            | Bengali                   |
| Bangladesh                            | Chakma                    |
| Bangladesh                            | Garo                      |
| Bangladesh                            | Khasi                     |
| Bangladesh                            | Marma                     |
| Bangladesh                            | Santhali                  |
| Bangladesh                            | Tripuri                   |
| Bulgaria                              | Bulgariana                |
| Bulgaria                              | Macedonian                |
| Bulgaria                              | Romani                    |
| Bulgaria                              | Turkish                   |
| Bahrain                               | Arabic                    |
| Bahrain                               | English                   |
| Bahamas                               | Creole English            |
| Bahamas                               | Creole French             |
| Bosnia and Herzegovina                | Serbo-Croatian            |
| Belarus                               | Belorussian               |
| Belarus                               | Polish                    |
| Belarus                               | Russian                   |
| Belarus                               | Ukrainian                 |
| Belize                                | English                   |
| Belize                                | Garifuna                  |
| Belize                                | Maya Languages            |
| Belize                                | Spanish                   |
| Bermuda                               | English                   |
| Bolivia                               | Aimará                    |
| Bolivia                               | Guaraní                   |
| Bolivia                               | Ketšua                    |
| Bolivia                               | Spanish                   |
| Brazil                                | German                    |
| Brazil                                | Indian Languages          |
| Brazil                                | Italian                   |
| Brazil                                | Japanese                  |
| Brazil                                | Portuguese                |
| Barbados                              | Bajan                     |
| Barbados                              | English                   |
| Brunei                                | Chinese                   |
| Brunei                                | English                   |
| Brunei                                | Malay                     |
| Brunei                                | Malay-English             |
| Bhutan                                | Asami                     |
| Bhutan                                | Dzongkha                  |
| Bhutan                                | Nepali                    |
| Botswana                              | Khoekhoe                  |
| Botswana                              | Ndebele                   |
| Botswana                              | San                       |
| Botswana                              | Shona                     |
| Botswana                              | Tswana                    |
| Central African Republic              | Banda                     |
| Central African Republic              | Gbaya                     |
| Central African Republic              | Mandjia                   |
| Central African Republic              | Mbum                      |
| Central African Republic              | Ngbaka                    |
| Central African Republic              | Sara                      |
| Canada                                | Chinese                   |
| Canada                                | Dutch                     |
| Canada                                | English                   |
| Canada                                | Eskimo Languages          |
| Canada                                | French                    |
| Canada                                | German                    |
| Canada                                | Italian                   |
| Canada                                | Polish                    |
| Canada                                | Portuguese                |
| Canada                                | Punjabi                   |
| Canada                                | Spanish                   |
| Canada                                | Ukrainian                 |
| Cocos (Keeling) Islands               | English                   |
| Cocos (Keeling) Islands               | Malay                     |
| Switzerland                           | French                    |
| Switzerland                           | German                    |
| Switzerland                           | Italian                   |
| Switzerland                           | Romansh                   |
| Chile                                 | Aimará                    |
| Chile                                 | Araucan                   |
| Chile                                 | Rapa nui                  |
| Chile                                 | Spanish                   |
| China                                 | Chinese                   |
| China                                 | Dong                      |
| China                                 | Hui                       |
| China                                 | Mantšu                    |
| China                                 | Miao                      |
| China                                 | Mongolian                 |
| China                                 | Puyi                      |
| China                                 | Tibetan                   |
| China                                 | Tujia                     |
| China                                 | Uighur                    |
| China                                 | Yi                        |
| China                                 | Zhuang                    |
| Côte d’Ivoire                         | [South]Mande              |
| Côte d’Ivoire                         | Akan                      |
| Côte d’Ivoire                         | Gur                       |
| Côte d’Ivoire                         | Kru                       |
| Côte d’Ivoire                         | Malinke                   |
| Cameroon                              | Bamileke-bamum            |
| Cameroon                              | Duala                     |
| Cameroon                              | Fang                      |
| Cameroon                              | Ful                       |
| Cameroon                              | Maka                      |
| Cameroon                              | Mandara                   |
| Cameroon                              | Masana                    |
| Cameroon                              | Tikar                     |
| Congo, The Democratic Republic of the | Boa                       |
| Congo, The Democratic Republic of the | Chokwe                    |
| Congo, The Democratic Republic of the | Kongo                     |
| Congo, The Democratic Republic of the | Luba                      |
| Congo, The Democratic Republic of the | Mongo                     |
| Congo, The Democratic Republic of the | Ngala and Bangi           |
| Congo, The Democratic Republic of the | Rundi                     |
| Congo, The Democratic Republic of the | Rwanda                    |
| Congo, The Democratic Republic of the | Teke                      |
| Congo, The Democratic Republic of the | Zande                     |
| Congo                                 | Kongo                     |
| Congo                                 | Mbete                     |
| Congo                                 | Mboshi                    |
| Congo                                 | Punu                      |
| Congo                                 | Sango                     |
| Congo                                 | Teke                      |
| Cook Islands                          | English                   |
| Cook Islands                          | Maori                     |
| Colombia                              | Arawakan                  |
| Colombia                              | Caribbean                 |
| Colombia                              | Chibcha                   |
| Colombia                              | Creole English            |
| Colombia                              | Spanish                   |
| Comoros                               | Comorian                  |
| Comoros                               | Comorian-Arabic           |
| Comoros                               | Comorian-French           |
| Comoros                               | Comorian-madagassi        |
| Comoros                               | Comorian-Swahili          |
| Cape Verde                            | Crioulo                   |
| Cape Verde                            | Portuguese                |
| Costa Rica                            | Chibcha                   |
| Costa Rica                            | Chinese                   |
| Costa Rica                            | Creole English            |
| Costa Rica                            | Spanish                   |
| Cuba                                  | Spanish                   |
| Christmas Island                      | Chinese                   |
| Christmas Island                      | English                   |
| Cayman Islands                        | English                   |
| Cyprus                                | Greek                     |
| Cyprus                                | Turkish                   |
| Czech Republic                        | Czech                     |
| Czech Republic                        | German                    |
| Czech Republic                        | Hungarian                 |
| Czech Republic                        | Moravian                  |
| Czech Republic                        | Polish                    |
| Czech Republic                        | Romani                    |
| Czech Republic                        | Silesiana                 |
| Czech Republic                        | Slovak                    |
| Germany                               | German                    |
| Germany                               | Greek                     |
| Germany                               | Italian                   |
| Germany                               | Polish                    |
| Germany                               | Southern Slavic Languages |
| Germany                               | Turkish                   |
| Djibouti                              | Afar                      |
| Djibouti                              | Arabic                    |
| Djibouti                              | Somali                    |
| Dominica                              | Creole English            |
| Dominica                              | Creole French             |
| Denmark                               | Arabic                    |
| Denmark                               | Danish                    |
| Denmark                               | English                   |
| Denmark                               | German                    |
| Denmark                               | Norwegian                 |
| Denmark                               | Swedish                   |
| Denmark                               | Turkish                   |
| Dominican Republic                    | Creole French             |
| Dominican Republic                    | Spanish                   |
| Algeria                               | Arabic                    |
| Algeria                               | Berberi                   |
| Ecuador                               | Ketšua                    |
| Ecuador                               | Spanish                   |
| Egypt                                 | Arabic                    |
| Egypt                                 | Sinaberberi               |
| Eritrea                               | Afar                      |
| Eritrea                               | Bilin                     |
| Eritrea                               | Hadareb                   |
| Eritrea                               | Saho                      |
| Eritrea                               | Tigre                     |
| Eritrea                               | Tigrinja                  |
| Western Sahara                        | Arabic                    |
| Spain                                 | Basque                    |
| Spain                                 | Catalan                   |
| Spain                                 | Galecian                  |
| Spain                                 | Spanish                   |
| Estonia                               | Belorussian               |
| Estonia                               | Estonian                  |
| Estonia                               | Finnish                   |
| Estonia                               | Russian                   |
| Estonia                               | Ukrainian                 |
| Ethiopia                              | Amhara                    |
| Ethiopia                              | Gurage                    |
| Ethiopia                              | Oromo                     |
| Ethiopia                              | Sidamo                    |
| Ethiopia                              | Somali                    |
| Ethiopia                              | Tigrinja                  |
| Ethiopia                              | Walaita                   |
| Finland                               | Estonian                  |
| Finland                               | Finnish                   |
| Finland                               | Russian                   |
| Finland                               | Saame                     |
| Finland                               | Swedish                   |
| Fiji Islands                          | Fijian                    |
| Fiji Islands                          | Hindi                     |
| Falkland Islands                      | English                   |
| France                                | Arabic                    |
| France                                | French                    |
| France                                | Italian                   |
| France                                | Portuguese                |
| France                                | Spanish                   |
| France                                | Turkish                   |
| Faroe Islands                         | Danish                    |
| Faroe Islands                         | Faroese                   |
| Micronesia, Federated States of       | Kosrean                   |
| Micronesia, Federated States of       | Mortlock                  |
| Micronesia, Federated States of       | Pohnpei                   |
| Micronesia, Federated States of       | Trukese                   |
| Micronesia, Federated States of       | Wolea                     |
| Micronesia, Federated States of       | Yap                       |
| Gabon                                 | Fang                      |
| Gabon                                 | Mbete                     |
| Gabon                                 | Mpongwe                   |
| Gabon                                 | Punu-sira-nzebi           |
| United Kingdom                        | English                   |
| United Kingdom                        | Gaeli                     |
| United Kingdom                        | Kymri                     |
| Georgia                               | Abhyasi                   |
| Georgia                               | Armenian                  |
| Georgia                               | Azerbaijani               |
| Georgia                               | Georgiana                 |
| Georgia                               | Osseetti                  |
| Georgia                               | Russian                   |
| Ghana                                 | Akan                      |
| Ghana                                 | Ewe                       |
| Ghana                                 | Ga-adangme                |
| Ghana                                 | Gurma                     |
| Ghana                                 | Joruba                    |
| Ghana                                 | Mossi                     |
| Gibraltar                             | Arabic                    |
| Gibraltar                             | English                   |
| Guinea                                | Ful                       |
| Guinea                                | Kissi                     |
| Guinea                                | Kpelle                    |
| Guinea                                | Loma                      |
| Guinea                                | Malinke                   |
| Guinea                                | Susu                      |
| Guinea                                | Yalunka                   |
| Guadeloupe                            | Creole French             |
| Guadeloupe                            | French                    |
| Gambia                                | Diola                     |
| Gambia                                | Ful                       |
| Gambia                                | Malinke                   |
| Gambia                                | Soninke                   |
| Gambia                                | Wolof                     |
| Guinea-Bissau                         | Balante                   |
| Guinea-Bissau                         | Crioulo                   |
| Guinea-Bissau                         | Ful                       |
| Guinea-Bissau                         | Malinke                   |
| Guinea-Bissau                         | Mandyako                  |
| Guinea-Bissau                         | Portuguese                |
| Equatorial Guinea                     | Bubi                      |
| Equatorial Guinea                     | Fang                      |
| Greece                                | Greek                     |
| Greece                                | Turkish                   |
| Grenada                               | Creole English            |
| Greenland                             | Danish                    |
| Greenland                             | Greenlandic               |
| Guatemala                             | Cakchiquel                |
| Guatemala                             | Kekchí                    |
| Guatemala                             | Mam                       |
| Guatemala                             | Quiché                    |
| Guatemala                             | Spanish                   |
| French Guiana                         | Creole French             |
| French Guiana                         | Indian Languages          |
| Guam                                  | Chamorro                  |
| Guam                                  | English                   |
| Guam                                  | Japanese                  |
| Guam                                  | Korean                    |
| Guam                                  | Philippene Languages      |
| Guyana                                | Arawakan                  |
| Guyana                                | Caribbean                 |
| Guyana                                | Creole English            |
| Hong Kong                             | Canton Chinese            |
| Hong Kong                             | Chiu chau                 |
| Hong Kong                             | English                   |
| Hong Kong                             | Fukien                    |
| Hong Kong                             | Hakka                     |
| Honduras                              | Creole English            |
| Honduras                              | Garifuna                  |
| Honduras                              | Miskito                   |
| Honduras                              | Spanish                   |
| Croatia                               | Serbo-Croatian            |
| Croatia                               | Slovene                   |
| Haiti                                 | French                    |
| Haiti                                 | Haiti Creole              |
| Hungary                               | German                    |
| Hungary                               | Hungarian                 |
| Hungary                               | Romani                    |
| Hungary                               | Romanian                  |
| Hungary                               | Serbo-Croatian            |
| Hungary                               | Slovak                    |
| Indonesia                             | Bali                      |
| Indonesia                             | Banja                     |
| Indonesia                             | Batakki                   |
| Indonesia                             | Bugi                      |
| Indonesia                             | Javanese                  |
| Indonesia                             | Madura                    |
| Indonesia                             | Malay                     |
| Indonesia                             | Minangkabau               |
| Indonesia                             | Sunda                     |
| India                                 | Asami                     |
| India                                 | Bengali                   |
| India                                 | Gujarati                  |
| India                                 | Hindi                     |
| India                                 | Kannada                   |
| India                                 | Malajalam                 |
| India                                 | Marathi                   |
| India                                 | Orija                     |
| India                                 | Punjabi                   |
| India                                 | Tamil                     |
| India                                 | Telugu                    |
| India                                 | Urdu                      |
| Ireland                               | English                   |
| Ireland                               | Irish                     |
| Iran                                  | Arabic                    |
| Iran                                  | Azerbaijani               |
| Iran                                  | Bakhtyari                 |
| Iran                                  | Balochi                   |
| Iran                                  | Gilaki                    |
| Iran                                  | Kurdish                   |
| Iran                                  | Luri                      |
| Iran                                  | Mazandarani               |
| Iran                                  | Persian                   |
| Iran                                  | Turkmenian                |
| Iraq                                  | Arabic                    |
| Iraq                                  | Assyrian                  |
| Iraq                                  | Azerbaijani               |
| Iraq                                  | Kurdish                   |
| Iraq                                  | Persian                   |
| Iceland                               | English                   |
| Iceland                               | Icelandic                 |
| Israel                                | Arabic                    |
| Israel                                | Hebrew                    |
| Israel                                | Russian                   |
| Italy                                 | Albaniana                 |
| Italy                                 | French                    |
| Italy                                 | Friuli                    |
| Italy                                 | German                    |
| Italy                                 | Italian                   |
| Italy                                 | Romani                    |
| Italy                                 | Sardinian                 |
| Italy                                 | Slovene                   |
| Jamaica                               | Creole English            |
| Jamaica                               | Hindi                     |
| Jordan                                | Arabic                    |
| Jordan                                | Armenian                  |
| Jordan                                | Circassian                |
| Japan                                 | Ainu                      |
| Japan                                 | Chinese                   |
| Japan                                 | English                   |
| Japan                                 | Japanese                  |
| Japan                                 | Korean                    |
| Japan                                 | Philippene Languages      |
| Kazakstan                             | German                    |
| Kazakstan                             | Kazakh                    |
| Kazakstan                             | Russian                   |
| Kazakstan                             | Tatar                     |
| Kazakstan                             | Ukrainian                 |
| Kazakstan                             | Uzbek                     |
| Kenya                                 | Gusii                     |
| Kenya                                 | Kalenjin                  |
| Kenya                                 | Kamba                     |
| Kenya                                 | Kikuyu                    |
| Kenya                                 | Luhya                     |
| Kenya                                 | Luo                       |
| Kenya                                 | Masai                     |
| Kenya                                 | Meru                      |
| Kenya                                 | Nyika                     |
| Kenya                                 | Turkana                   |
| Kyrgyzstan                            | Kazakh                    |
| Kyrgyzstan                            | Kirgiz                    |
| Kyrgyzstan                            | Russian                   |
| Kyrgyzstan                            | Tadzhik                   |
| Kyrgyzstan                            | Tatar                     |
| Kyrgyzstan                            | Ukrainian                 |
| Kyrgyzstan                            | Uzbek                     |
| Cambodia                              | Chinese                   |
| Cambodia                              | Khmer                     |
| Cambodia                              | Tšam                      |
| Cambodia                              | Vietnamese                |
| Kiribati                              | Kiribati                  |
| Kiribati                              | Tuvalu                    |
| Saint Kitts and Nevis                 | Creole English            |
| Saint Kitts and Nevis                 | English                   |
| South Korea                           | Chinese                   |
| South Korea                           | Korean                    |
| Kuwait                                | Arabic                    |
| Kuwait                                | English                   |
| Laos                                  | Lao                       |
| Laos                                  | Lao-Soung                 |
| Laos                                  | Mon-khmer                 |
| Laos                                  | Thai                      |
| Lebanon                               | Arabic                    |
| Lebanon                               | Armenian                  |
| Lebanon                               | French                    |
| Liberia                               | Bassa                     |
| Liberia                               | Gio                       |
| Liberia                               | Grebo                     |
| Liberia                               | Kpelle                    |
| Liberia                               | Kru                       |
| Liberia                               | Loma                      |
| Liberia                               | Malinke                   |
| Liberia                               | Mano                      |
| Libyan Arab Jamahiriya                | Arabic                    |
| Libyan Arab Jamahiriya                | Berberi                   |
| Saint Lucia                           | Creole French             |
| Saint Lucia                           | English                   |
| Liechtenstein                         | German                    |
| Liechtenstein                         | Italian                   |
| Liechtenstein                         | Turkish                   |
| Sri Lanka                             | Mixed Languages           |
| Sri Lanka                             | Singali                   |
| Sri Lanka                             | Tamil                     |
| Lesotho                               | English                   |
| Lesotho                               | Sotho                     |
| Lesotho                               | Zulu                      |
| Lithuania                             | Belorussian               |
| Lithuania                             | Lithuanian                |
| Lithuania                             | Polish                    |
| Lithuania                             | Russian                   |
| Lithuania                             | Ukrainian                 |
| Luxembourg                            | French                    |
| Luxembourg                            | German                    |
| Luxembourg                            | Italian                   |
| Luxembourg                            | Luxembourgish             |
| Luxembourg                            | Portuguese                |
| Latvia                                | Belorussian               |
| Latvia                                | Latvian                   |
| Latvia                                | Lithuanian                |
| Latvia                                | Polish                    |
| Latvia                                | Russian                   |
| Latvia                                | Ukrainian                 |
| Macao                                 | Canton Chinese            |
| Macao                                 | English                   |
| Macao                                 | Mandarin Chinese          |
| Macao                                 | Portuguese                |
| Morocco                               | Arabic                    |
| Morocco                               | Berberi                   |
| Monaco                                | English                   |
| Monaco                                | French                    |
| Monaco                                | Italian                   |
| Monaco                                | Monegasque                |
| Moldova                               | Bulgariana                |
| Moldova                               | Gagauzi                   |
| Moldova                               | Romanian                  |
| Moldova                               | Russian                   |
| Moldova                               | Ukrainian                 |
| Madagascar                            | French                    |
| Madagascar                            | Malagasy                  |
| Maldives                              | Dhivehi                   |
| Maldives                              | English                   |
| Mexico                                | Mixtec                    |
| Mexico                                | Náhuatl                   |
| Mexico                                | Otomí                     |
| Mexico                                | Spanish                   |
| Mexico                                | Yucatec                   |
| Mexico                                | Zapotec                   |
| Marshall Islands                      | English                   |
| Marshall Islands                      | Marshallese               |
| Macedonia                             | Albaniana                 |
| Macedonia                             | Macedonian                |
| Macedonia                             | Romani                    |
| Macedonia                             | Serbo-Croatian            |
| Macedonia                             | Turkish                   |
| Mali                                  | Bambara                   |
| Mali                                  | Ful                       |
| Mali                                  | Senufo and Minianka       |
| Mali                                  | Songhai                   |
| Mali                                  | Soninke                   |
| Mali                                  | Tamashek                  |
| Malta                                 | English                   |
| Malta                                 | Maltese                   |
| Myanmar                               | Burmese                   |
| Myanmar                               | Chin                      |
| Myanmar                               | Kachin                    |
| Myanmar                               | Karen                     |
| Myanmar                               | Kayah                     |
| Myanmar                               | Mon                       |
| Myanmar                               | Rakhine                   |
| Myanmar                               | Shan                      |
| Mongolia                              | Bajad                     |
| Mongolia                              | Buryat                    |
| Mongolia                              | Dariganga                 |
| Mongolia                              | Dorbet                    |
| Mongolia                              | Kazakh                    |
| Mongolia                              | Mongolian                 |
| Northern Mariana Islands              | Carolinian                |
| Northern Mariana Islands              | Chamorro                  |
| Northern Mariana Islands              | Chinese                   |
| Northern Mariana Islands              | English                   |
| Northern Mariana Islands              | Korean                    |
| Northern Mariana Islands              | Philippene Languages      |
| Mozambique                            | Chuabo                    |
| Mozambique                            | Lomwe                     |
| Mozambique                            | Makua                     |
| Mozambique                            | Marendje                  |
| Mozambique                            | Nyanja                    |
| Mozambique                            | Ronga                     |
| Mozambique                            | Sena                      |
| Mozambique                            | Shona                     |
| Mozambique                            | Tsonga                    |
| Mozambique                            | Tswa                      |
| Mauritania                            | Ful                       |
| Mauritania                            | Hassaniya                 |
| Mauritania                            | Soninke                   |
| Mauritania                            | Tukulor                   |
| Mauritania                            | Wolof                     |
| Mauritania                            | Zenaga                    |
| Montserrat                            | English                   |
| Martinique                            | Creole French             |
| Martinique                            | French                    |
| Mauritius                             | Bhojpuri                  |
| Mauritius                             | Creole French             |
| Mauritius                             | French                    |
| Mauritius                             | Hindi                     |
| Mauritius                             | Marathi                   |
| Mauritius                             | Tamil                     |
| Malawi                                | Chichewa                  |
| Malawi                                | Lomwe                     |
| Malawi                                | Ngoni                     |
| Malawi                                | Yao                       |
| Malaysia                              | Chinese                   |
| Malaysia                              | Dusun                     |
| Malaysia                              | English                   |
| Malaysia                              | Iban                      |
| Malaysia                              | Malay                     |
| Malaysia                              | Tamil                     |
| Mayotte                               | French                    |
| Mayotte                               | Mahoré                    |
| Mayotte                               | Malagasy                  |
| Namibia                               | Afrikaans                 |
| Namibia                               | Caprivi                   |
| Namibia                               | German                    |
| Namibia                               | Herero                    |
| Namibia                               | Kavango                   |
| Namibia                               | Nama                      |
| Namibia                               | Ovambo                    |
| Namibia                               | San                       |
| New Caledonia                         | French                    |
| New Caledonia                         | Malenasian Languages      |
| New Caledonia                         | Polynesian Languages      |
| Niger                                 | Ful                       |
| Niger                                 | Hausa                     |
| Niger                                 | Kanuri                    |
| Niger                                 | Songhai-zerma             |
| Niger                                 | Tamashek                  |
| Norfolk Island                        | English                   |
| Nigeria                               | Bura                      |
| Nigeria                               | Edo                       |
| Nigeria                               | Ful                       |
| Nigeria                               | Hausa                     |
| Nigeria                               | Ibibio                    |
| Nigeria                               | Ibo                       |
| Nigeria                               | Ijo                       |
| Nigeria                               | Joruba                    |
| Nigeria                               | Kanuri                    |
| Nigeria                               | Tiv                       |
| Nicaragua                             | Creole English            |
| Nicaragua                             | Miskito                   |
| Nicaragua                             | Spanish                   |
| Nicaragua                             | Sumo                      |
| Niue                                  | English                   |
| Niue                                  | Niue                      |
| Netherlands                           | Arabic                    |
| Netherlands                           | Dutch                     |
| Netherlands                           | Fries                     |
| Netherlands                           | Turkish                   |
| Norway                                | Danish                    |
| Norway                                | English                   |
| Norway                                | Norwegian                 |
| Norway                                | Saame                     |
| Norway                                | Swedish                   |
| Nepal                                 | Bhojpuri                  |
| Nepal                                 | Hindi                     |
| Nepal                                 | Maithili                  |
| Nepal                                 | Nepali                    |
| Nepal                                 | Newari                    |
| Nepal                                 | Tamang                    |
| Nepal                                 | Tharu                     |
| Nauru                                 | Chinese                   |
| Nauru                                 | English                   |
| Nauru                                 | Kiribati                  |
| Nauru                                 | Nauru                     |
| Nauru                                 | Tuvalu                    |
| New Zealand                           | English                   |
| New Zealand                           | Maori                     |
| Oman                                  | Arabic                    |
| Oman                                  | Balochi                   |
| Pakistan                              | Balochi                   |
| Pakistan                              | Brahui                    |
| Pakistan                              | Hindko                    |
| Pakistan                              | Pashto                    |
| Pakistan                              | Punjabi                   |
| Pakistan                              | Saraiki                   |
| Pakistan                              | Sindhi                    |
| Pakistan                              | Urdu                      |
| Panama                                | Arabic                    |
| Panama                                | Creole English            |
| Panama                                | Cuna                      |
| Panama                                | Embera                    |
| Panama                                | Guaymí                    |
| Panama                                | Spanish                   |
| Pitcairn                              | Pitcairnese               |
| Peru                                  | Aimará                    |
| Peru                                  | Ketšua                    |
| Peru                                  | Spanish                   |
| Philippines                           | Bicol                     |
| Philippines                           | Cebuano                   |
| Philippines                           | Hiligaynon                |
| Philippines                           | Ilocano                   |
| Philippines                           | Maguindanao               |
| Philippines                           | Maranao                   |
| Philippines                           | Pampango                  |
| Philippines                           | Pangasinan                |
| Philippines                           | Pilipino                  |
| Philippines                           | Waray-waray               |
| Palau                                 | Chinese                   |
| Palau                                 | English                   |
| Palau                                 | Palau                     |
| Palau                                 | Philippene Languages      |
| Papua New Guinea                      | Malenasian Languages      |
| Papua New Guinea                      | Papuan Languages          |
| Poland                                | Belorussian               |
| Poland                                | German                    |
| Poland                                | Polish                    |
| Poland                                | Ukrainian                 |
| Puerto Rico                           | English                   |
| Puerto Rico                           | Spanish                   |
| North Korea                           | Chinese                   |
| North Korea                           | Korean                    |
| Portugal                              | Portuguese                |
| Paraguay                              | German                    |
| Paraguay                              | Guaraní                   |
| Paraguay                              | Portuguese                |
| Paraguay                              | Spanish                   |
| Palestine                             | Arabic                    |
| Palestine                             | Hebrew                    |
| French Polynesia                      | Chinese                   |
| French Polynesia                      | French                    |
| French Polynesia                      | Tahitian                  |
| Qatar                                 | Arabic                    |
| Qatar                                 | Urdu                      |
| Réunion                               | Chinese                   |
| Réunion                               | Comorian                  |
| Réunion                               | Creole French             |
| Réunion                               | Malagasy                  |
| Réunion                               | Tamil                     |
| Romania                               | German                    |
| Romania                               | Hungarian                 |
| Romania                               | Romani                    |
| Romania                               | Romanian                  |
| Romania                               | Serbo-Croatian            |
| Romania                               | Ukrainian                 |
| Russian Federation                    | Avarian                   |
| Russian Federation                    | Bashkir                   |
| Russian Federation                    | Belorussian               |
| Russian Federation                    | Chechen                   |
| Russian Federation                    | Chuvash                   |
| Russian Federation                    | Kazakh                    |
| Russian Federation                    | Mari                      |
| Russian Federation                    | Mordva                    |
| Russian Federation                    | Russian                   |
| Russian Federation                    | Tatar                     |
| Russian Federation                    | Udmur                     |
| Russian Federation                    | Ukrainian                 |
| Rwanda                                | French                    |
| Rwanda                                | Rwanda                    |
| Saudi Arabia                          | Arabic                    |
| Sudan                                 | Arabic                    |
| Sudan                                 | Bari                      |
| Sudan                                 | Beja                      |
| Sudan                                 | Chilluk                   |
| Sudan                                 | Dinka                     |
| Sudan                                 | Fur                       |
| Sudan                                 | Lotuko                    |
| Sudan                                 | Nubian Languages          |
| Sudan                                 | Nuer                      |
| Sudan                                 | Zande                     |
| Senegal                               | Diola                     |
| Senegal                               | Ful                       |
| Senegal                               | Malinke                   |
| Senegal                               | Serer                     |
| Senegal                               | Soninke                   |
| Senegal                               | Wolof                     |
| Singapore                             | Chinese                   |
| Singapore                             | Malay                     |
| Singapore                             | Tamil                     |
| Saint Helena                          | English                   |
| Svalbard and Jan Mayen                | Norwegian                 |
| Svalbard and Jan Mayen                | Russian                   |
| Solomon Islands                       | Malenasian Languages      |
| Solomon Islands                       | Papuan Languages          |
| Solomon Islands                       | Polynesian Languages      |
| Sierra Leone                          | Bullom-sherbro            |
| Sierra Leone                          | Ful                       |
| Sierra Leone                          | Kono-vai                  |
| Sierra Leone                          | Kuranko                   |
| Sierra Leone                          | Limba                     |
| Sierra Leone                          | Mende                     |
| Sierra Leone                          | Temne                     |
| Sierra Leone                          | Yalunka                   |
| El Salvador                           | Nahua                     |
| El Salvador                           | Spanish                   |
| San Marino                            | Italian                   |
| Somalia                               | Arabic                    |
| Somalia                               | Somali                    |
| Saint Pierre and Miquelon             | French                    |
| Sao Tome and Principe                 | Crioulo                   |
| Sao Tome and Principe                 | French                    |
| Suriname                              | Hindi                     |
| Suriname                              | Sranantonga               |
| Slovakia                              | Czech and Moravian        |
| Slovakia                              | Hungarian                 |
| Slovakia                              | Romani                    |
| Slovakia                              | Slovak                    |
| Slovakia                              | Ukrainian and Russian     |
| Slovenia                              | Hungarian                 |
| Slovenia                              | Serbo-Croatian            |
| Slovenia                              | Slovene                   |
| Sweden                                | Arabic                    |
| Sweden                                | Finnish                   |
| Sweden                                | Norwegian                 |
| Sweden                                | Southern Slavic Languages |
| Sweden                                | Spanish                   |
| Sweden                                | Swedish                   |
| Swaziland                             | Swazi                     |
| Swaziland                             | Zulu                      |
| Seychelles                            | English                   |
| Seychelles                            | French                    |
| Seychelles                            | Seselwa                   |
| Syria                                 | Arabic                    |
| Syria                                 | Kurdish                   |
| Turks and Caicos Islands              | English                   |
| Chad                                  | Arabic                    |
| Chad                                  | Gorane                    |
| Chad                                  | Hadjarai                  |
| Chad                                  | Kanem-bornu               |
| Chad                                  | Mayo-kebbi                |
| Chad                                  | Ouaddai                   |
| Chad                                  | Sara                      |
| Chad                                  | Tandjile                  |
| Togo                                  | Ane                       |
| Togo                                  | Ewe                       |
| Togo                                  | Gurma                     |
| Togo                                  | Kabyé                     |
| Togo                                  | Kotokoli                  |
| Togo                                  | Moba                      |
| Togo                                  | Naudemba                  |
| Togo                                  | Watyi                     |
| Thailand                              | Chinese                   |
| Thailand                              | Khmer                     |
| Thailand                              | Kuy                       |
| Thailand                              | Lao                       |
| Thailand                              | Malay                     |
| Thailand                              | Thai                      |
| Tajikistan                            | Russian                   |
| Tajikistan                            | Tadzhik                   |
| Tajikistan                            | Uzbek                     |
| Tokelau                               | English                   |
| Tokelau                               | Tokelau                   |
| Turkmenistan                          | Kazakh                    |
| Turkmenistan                          | Russian                   |
| Turkmenistan                          | Turkmenian                |
| Turkmenistan                          | Uzbek                     |
| East Timor                            | Portuguese                |
| East Timor                            | Sunda                     |
| Tonga                                 | English                   |
| Tonga                                 | Tongan                    |
| Trinidad and Tobago                   | Creole English            |
| Trinidad and Tobago                   | English                   |
| Trinidad and Tobago                   | Hindi                     |
| Tunisia                               | Arabic                    |
| Tunisia                               | Arabic-French             |
| Tunisia                               | Arabic-French-English     |
| Turkey                                | Arabic                    |
| Turkey                                | Kurdish                   |
| Turkey                                | Turkish                   |
| Tuvalu                                | English                   |
| Tuvalu                                | Kiribati                  |
| Tuvalu                                | Tuvalu                    |
| Taiwan                                | Ami                       |
| Taiwan                                | Atayal                    |
| Taiwan                                | Hakka                     |
| Taiwan                                | Mandarin Chinese          |
| Taiwan                                | Min                       |
| Taiwan                                | Paiwan                    |
| Tanzania                              | Chaga and Pare            |
| Tanzania                              | Gogo                      |
| Tanzania                              | Ha                        |
| Tanzania                              | Haya                      |
| Tanzania                              | Hehet                     |
| Tanzania                              | Luguru                    |
| Tanzania                              | Makonde                   |
| Tanzania                              | Nyakusa                   |
| Tanzania                              | Nyamwesi                  |
| Tanzania                              | Shambala                  |
| Tanzania                              | Swahili                   |
| Uganda                                | Acholi                    |
| Uganda                                | Ganda                     |
| Uganda                                | Gisu                      |
| Uganda                                | Kiga                      |
| Uganda                                | Lango                     |
| Uganda                                | Lugbara                   |
| Uganda                                | Nkole                     |
| Uganda                                | Rwanda                    |
| Uganda                                | Soga                      |
| Uganda                                | Teso                      |
| Ukraine                               | Belorussian               |
| Ukraine                               | Bulgariana                |
| Ukraine                               | Hungarian                 |
| Ukraine                               | Polish                    |
| Ukraine                               | Romanian                  |
| Ukraine                               | Russian                   |
| Ukraine                               | Ukrainian                 |
| United States Minor Outlying Islands  | English                   |
| Uruguay                               | Spanish                   |
| United States                         | Chinese                   |
| United States                         | English                   |
| United States                         | French                    |
| United States                         | German                    |
| United States                         | Italian                   |
| United States                         | Japanese                  |
| United States                         | Korean                    |
| United States                         | Polish                    |
| United States                         | Portuguese                |
| United States                         | Spanish                   |
| United States                         | Tagalog                   |
| United States                         | Vietnamese                |
| Uzbekistan                            | Karakalpak                |
| Uzbekistan                            | Kazakh                    |
| Uzbekistan                            | Russian                   |
| Uzbekistan                            | Tadzhik                   |
| Uzbekistan                            | Tatar                     |
| Uzbekistan                            | Uzbek                     |
| Holy See (Vatican City State)         | Italian                   |
| Saint Vincent and the Grenadines      | Creole English            |
| Saint Vincent and the Grenadines      | English                   |
| Venezuela                             | Goajiro                   |
| Venezuela                             | Spanish                   |
| Venezuela                             | Warrau                    |
| Virgin Islands, British               | English                   |
| Virgin Islands, U.S.                  | English                   |
| Virgin Islands, U.S.                  | French                    |
| Virgin Islands, U.S.                  | Spanish                   |
| Vietnam                               | Chinese                   |
| Vietnam                               | Khmer                     |
| Vietnam                               | Man                       |
| Vietnam                               | Miao                      |
| Vietnam                               | Muong                     |
| Vietnam                               | Nung                      |
| Vietnam                               | Thai                      |
| Vietnam                               | Tho                       |
| Vietnam                               | Vietnamese                |
| Vanuatu                               | Bislama                   |
| Vanuatu                               | English                   |
| Vanuatu                               | French                    |
| Wallis and Futuna                     | Futuna                    |
| Wallis and Futuna                     | Wallis                    |
| Samoa                                 | English                   |
| Samoa                                 | Samoan                    |
| Samoa                                 | Samoan-English            |
| Yemen                                 | Arabic                    |
| Yemen                                 | Soqutri                   |
| Yugoslavia                            | Albaniana                 |
| Yugoslavia                            | Hungarian                 |
| Yugoslavia                            | Macedonian                |
| Yugoslavia                            | Romani                    |
| Yugoslavia                            | Serbo-Croatian            |
| Yugoslavia                            | Slovak                    |
| South Africa                          | Afrikaans                 |
| South Africa                          | English                   |
| South Africa                          | Ndebele                   |
| South Africa                          | Northsotho                |
| South Africa                          | Southsotho                |
| South Africa                          | Swazi                     |
| South Africa                          | Tsonga                    |
| South Africa                          | Tswana                    |
| South Africa                          | Venda                     |
| South Africa                          | Xhosa                     |
| South Africa                          | Zulu                      |
| Zambia                                | Bemba                     |
| Zambia                                | Chewa                     |
| Zambia                                | Lozi                      |
| Zambia                                | Nsenga                    |
| Zambia                                | Nyanja                    |
| Zambia                                | Tongan                    |
| Zimbabwe                              | English                   |
| Zimbabwe                              | Ndebele                   |
| Zimbabwe                              | Nyanja                    |
| Zimbabwe                              | Shona                     |
+---------------------------------------+---------------------------+
984 rows in set (1.2945 sec)
 MySQL  localhost:3306 ssl  world  SQL > desc city;
+-------------+----------+------+-----+---------+----------------+
| Field       | Type     | Null | Key | Default | Extra          |
+-------------+----------+------+-----+---------+----------------+
| ID          | int      | NO   | PRI | NULL    | auto_increment |
| Name        | char(35) | NO   |     |         |                |
| CountryCode | char(3)  | NO   | MUL |         |                |
| District    | char(20) | NO   |     |         |                |
| Population  | int      | NO   |     | 0       |                |
+-------------+----------+------+-----+---------+----------------+
5 rows in set (0.0042 sec)
 MySQL  localhost:3306 ssl  world  SQL > desc countrylanguage;
+-------------+---------------+------+-----+---------+-------+
| Field       | Type          | Null | Key | Default | Extra |
+-------------+---------------+------+-----+---------+-------+
| CountryCode | char(3)       | NO   | PRI |         |       |
| Language    | char(30)      | NO   | PRI |         |       |
| IsOfficial  | enum('T','F') | NO   |     | F       |       |
| Percentage  | decimal(4,1)  | NO   |     | 0.0     |       |
+-------------+---------------+------+-----+---------+-------+
4 rows in set (0.0043 sec)
 MySQL  localhost:3306 ssl  world  SQL > select a.name, b.name, c.language from city a inner join country b on b.code = a.countrycode inner join countrylanguage c on c.countrycode = a.countrycode limit 50;
+----------------+-------------+------------+
| name           | name        | language   |
+----------------+-------------+------------+
| Kabul          | Afghanistan | Balochi    |
| Kabul          | Afghanistan | Dari       |
| Kabul          | Afghanistan | Pashto     |
| Kabul          | Afghanistan | Turkmenian |
| Kabul          | Afghanistan | Uzbek      |
| Qandahar       | Afghanistan | Balochi    |
| Qandahar       | Afghanistan | Dari       |
| Qandahar       | Afghanistan | Pashto     |
| Qandahar       | Afghanistan | Turkmenian |
| Qandahar       | Afghanistan | Uzbek      |
| Herat          | Afghanistan | Balochi    |
| Herat          | Afghanistan | Dari       |
| Herat          | Afghanistan | Pashto     |
| Herat          | Afghanistan | Turkmenian |
| Herat          | Afghanistan | Uzbek      |
| Mazar-e-Sharif | Afghanistan | Balochi    |
| Mazar-e-Sharif | Afghanistan | Dari       |
| Mazar-e-Sharif | Afghanistan | Pashto     |
| Mazar-e-Sharif | Afghanistan | Turkmenian |
| Mazar-e-Sharif | Afghanistan | Uzbek      |
| Amsterdam      | Netherlands | Arabic     |
| Amsterdam      | Netherlands | Dutch      |
| Amsterdam      | Netherlands | Fries      |
| Amsterdam      | Netherlands | Turkish    |
| Rotterdam      | Netherlands | Arabic     |
| Rotterdam      | Netherlands | Dutch      |
| Rotterdam      | Netherlands | Fries      |
| Rotterdam      | Netherlands | Turkish    |
| Haag           | Netherlands | Arabic     |
| Haag           | Netherlands | Dutch      |
| Haag           | Netherlands | Fries      |
| Haag           | Netherlands | Turkish    |
| Utrecht        | Netherlands | Arabic     |
| Utrecht        | Netherlands | Dutch      |
| Utrecht        | Netherlands | Fries      |
| Utrecht        | Netherlands | Turkish    |
| Eindhoven      | Netherlands | Arabic     |
| Eindhoven      | Netherlands | Dutch      |
| Eindhoven      | Netherlands | Fries      |
| Eindhoven      | Netherlands | Turkish    |
| Tilburg        | Netherlands | Arabic     |
| Tilburg        | Netherlands | Dutch      |
| Tilburg        | Netherlands | Fries      |
| Tilburg        | Netherlands | Turkish    |
| Groningen      | Netherlands | Arabic     |
| Groningen      | Netherlands | Dutch      |
| Groningen      | Netherlands | Fries      |
| Groningen      | Netherlands | Turkish    |
| Breda          | Netherlands | Arabic     |
| Breda          | Netherlands | Dutch      |
+----------------+-------------+------------+
50 rows in set (0.0025 sec)
 MySQL  localhost:3306 ssl  world  SQL > select a.name, b.name, c.language from city a inner join country b on b.code = a.countrycode inner join countrylanguage c on c.countrycode = a.conutrycode where b.name like "M%" limit 50;
ERROR: 1054 (42S22): Unknown column 'a.conutrycode' in 'on clause'
 MySQL  localhost:3306 ssl  world  SQL > select a.name, b.name, c.language from city a inner join country b on b.code = a.countrycode inner join countrylanguage c on c.countrycode = a.countrycode where b.name like "M%" limit 50;
+-------------+---------------------------------+------------------+
| name        | name                            | language         |
+-------------+---------------------------------+------------------+
| Weno        | Micronesia, Federated States of | Kosrean          |
| Weno        | Micronesia, Federated States of | Mortlock         |
| Weno        | Micronesia, Federated States of | Pohnpei          |
| Weno        | Micronesia, Federated States of | Trukese          |
| Weno        | Micronesia, Federated States of | Wolea            |
| Weno        | Micronesia, Federated States of | Yap              |
| Palikir     | Micronesia, Federated States of | Kosrean          |
| Palikir     | Micronesia, Federated States of | Mortlock         |
| Palikir     | Micronesia, Federated States of | Pohnpei          |
| Palikir     | Micronesia, Federated States of | Trukese          |
| Palikir     | Micronesia, Federated States of | Wolea            |
| Palikir     | Micronesia, Federated States of | Yap              |
| Macao       | Macao                           | Canton Chinese   |
| Macao       | Macao                           | English          |
| Macao       | Macao                           | Mandarin Chinese |
| Macao       | Macao                           | Portuguese       |
| Casablanca  | Morocco                         | Arabic           |
| Casablanca  | Morocco                         | Berberi          |
| Rabat       | Morocco                         | Arabic           |
| Rabat       | Morocco                         | Berberi          |
| Marrakech   | Morocco                         | Arabic           |
| Marrakech   | Morocco                         | Berberi          |
| Fès         | Morocco                         | Arabic           |
| Fès         | Morocco                         | Berberi          |
| Tanger      | Morocco                         | Arabic           |
| Tanger      | Morocco                         | Berberi          |
| Salé        | Morocco                         | Arabic           |
| Salé        | Morocco                         | Berberi          |
| Meknès      | Morocco                         | Arabic           |
| Meknès      | Morocco                         | Berberi          |
| Oujda       | Morocco                         | Arabic           |
| Oujda       | Morocco                         | Berberi          |
| Kénitra     | Morocco                         | Arabic           |
| Kénitra     | Morocco                         | Berberi          |
| Tétouan     | Morocco                         | Arabic           |
| Tétouan     | Morocco                         | Berberi          |
| Safi        | Morocco                         | Arabic           |
| Safi        | Morocco                         | Berberi          |
| Agadir      | Morocco                         | Arabic           |
| Agadir      | Morocco                         | Berberi          |
| Mohammedia  | Morocco                         | Arabic           |
| Mohammedia  | Morocco                         | Berberi          |
| Khouribga   | Morocco                         | Arabic           |
| Khouribga   | Morocco                         | Berberi          |
| Beni-Mellal | Morocco                         | Arabic           |
| Beni-Mellal | Morocco                         | Berberi          |
| Témara      | Morocco                         | Arabic           |
| Témara      | Morocco                         | Berberi          |
| El Jadida   | Morocco                         | Arabic           |
| El Jadida   | Morocco                         | Berberi          |
+-------------+---------------------------------+------------------+
50 rows in set (1.1384 sec)
 MySQL  localhost:3306 ssl  world  SQL > select a.name, b.name, c.language from city a inner join country b on b.code = a.countrycode inner join countrylanguage c on c.countrycode = a.countrycode where c.isofficial = "T" limit 50;
+---------------------+----------------------+------------+
| name                | name                 | language   |
+---------------------+----------------------+------------+
| Kabul               | Afghanistan          | Dari       |
| Kabul               | Afghanistan          | Pashto     |
| Qandahar            | Afghanistan          | Dari       |
| Qandahar            | Afghanistan          | Pashto     |
| Herat               | Afghanistan          | Dari       |
| Herat               | Afghanistan          | Pashto     |
| Mazar-e-Sharif      | Afghanistan          | Dari       |
| Mazar-e-Sharif      | Afghanistan          | Pashto     |
| Amsterdam           | Netherlands          | Dutch      |
| Rotterdam           | Netherlands          | Dutch      |
| Haag                | Netherlands          | Dutch      |
| Utrecht             | Netherlands          | Dutch      |
| Eindhoven           | Netherlands          | Dutch      |
| Tilburg             | Netherlands          | Dutch      |
| Groningen           | Netherlands          | Dutch      |
| Breda               | Netherlands          | Dutch      |
| Apeldoorn           | Netherlands          | Dutch      |
| Nijmegen            | Netherlands          | Dutch      |
| Enschede            | Netherlands          | Dutch      |
| Haarlem             | Netherlands          | Dutch      |
| Almere              | Netherlands          | Dutch      |
| Arnhem              | Netherlands          | Dutch      |
| Zaanstad            | Netherlands          | Dutch      |
| ´s-Hertogenbosch    | Netherlands          | Dutch      |
| Amersfoort          | Netherlands          | Dutch      |
| Maastricht          | Netherlands          | Dutch      |
| Dordrecht           | Netherlands          | Dutch      |
| Leiden              | Netherlands          | Dutch      |
| Haarlemmermeer      | Netherlands          | Dutch      |
| Zoetermeer          | Netherlands          | Dutch      |
| Emmen               | Netherlands          | Dutch      |
| Zwolle              | Netherlands          | Dutch      |
| Ede                 | Netherlands          | Dutch      |
| Delft               | Netherlands          | Dutch      |
| Heerlen             | Netherlands          | Dutch      |
| Alkmaar             | Netherlands          | Dutch      |
| Willemstad          | Netherlands Antilles | Dutch      |
| Willemstad          | Netherlands Antilles | Papiamento |
| Tirana              | Albania              | Albaniana  |
| Alger               | Algeria              | Arabic     |
| Oran                | Algeria              | Arabic     |
| Constantine         | Algeria              | Arabic     |
| Annaba              | Algeria              | Arabic     |
| Batna               | Algeria              | Arabic     |
| Sétif               | Algeria              | Arabic     |
| Sidi Bel Abbès      | Algeria              | Arabic     |
| Skikda              | Algeria              | Arabic     |
| Biskra              | Algeria              | Arabic     |
| Blida (el-Boulaida) | Algeria              | Arabic     |
| Béjaïa              | Algeria              | Arabic     |
+---------------------+----------------------+------------+
50 rows in set (0.2819 sec)
 MySQL  localhost:3306 ssl  world  SQL > use tbd_e2;
Default schema set to `tbd_e2`.
Fetching global names, object names from `tbd_e2` for auto-completion... Press ^C to stop.
 MySQL  localhost:3306 ssl  tbd_e2  SQL > show tables;
+------------------+
| Tables_in_tbd_e2 |
+------------------+
| cliente          |
| factura          |
| factura_detalle  |
| producto         |
| tablea           |
| tableb           |
+------------------+
6 rows in set (0.0042 sec)
 MySQL  localhost:3306 ssl  tbd_e2  SQL > select * from factura_detalle;
+----+-----------+------------+----------+
| id | idFactura | idProducto | cantidad |
+----+-----------+------------+----------+
|  4 |        11 |          1 |       50 |
|  5 |        11 |          2 |       25 |
+----+-----------+------------+----------+
2 rows in set (0.1042 sec)
 MySQL  localhost:3306 ssl  tbd_e2  SQL > select * from cliente;
+----+--------+-----------+---------+
| id | nombre | apellidos | rfc     |
+----+--------+-----------+---------+
|  7 | XXX    | YYY       | ASDF123 |
+----+--------+-----------+---------+
1 row in set (0.0020 sec)
 MySQL  localhost:3306 ssl  tbd_e2  SQL > select * from factura;
+-------+-----------+
| folio | idCliente |
+-------+-----------+
|    11 |         7 |
|    12 |         7 |
|    13 |         7 |
|    14 |         7 |
+-------+-----------+
4 rows in set (0.0024 sec)
 MySQL  localhost:3306 ssl  tbd_e2  SQL > select * from producto;
+----+--------+--------+
| id | nombre | precio |
+----+--------+--------+
|  1 | Elote  |  20.00 |
|  2 | Nachos |  50.00 |
+----+--------+--------+
2 rows in set (0.2393 sec)
 MySQL  localhost:3306 ssl  tbd_e2  SQL >

































































































































