EVA2_2_INTEGRIDAD_REFERENCIAL


MySQL Shell 8.0.38

Copyright (c) 2016, 2024, Oracle and/or its affiliates.
Oracle is a registered trademark of Oracle Corporation and/or its affiliates.
Other names may be trademarks of their respective owners.

Type '\help' or '\?' for help; '\quit' to exit.
 MySQL  JS > \sql
Switching to SQL mode... Commands end with ;
 MySQL  SQL > \connect --mc root@localhost
Creating a Classic session to 'root@localhost'
Fetching global names for auto-completion... Press ^C to stop.
Your MySQL connection id is 12
Server version: 8.0.39 MySQL Community Server - GPL
No default schema selected; type \use <schema> to set one.
 MySQL  localhost:3306 ssl  SQL > use tbd_e2;
Default schema set to `tbd_e2`.
Fetching global names, object names from `tbd_e2` for auto-completion... Press ^C to stop.
 MySQL  localhost:3306 ssl  tbd_e2  SQL > select * from factura;
+-------+-----------+
| folio | idCliente |
+-------+-----------+
|     2 |         2 |
|     4 |         2 |
|     5 |         2 |
|     7 |         2 |
|     8 |         5 |
+-------+-----------+
5 rows in set (0.0018 sec)
 MySQL  localhost:3306 ssl  tbd_e2  SQL > select* from cliente;
+----+--------+-----------+---------------+
| id | nombre | apellidos | rfc           |
+----+--------+-----------+---------------+
|  2 | Adi    | Rodriguez | MSD2312341324 |
+----+--------+-----------+---------------+
1 row in set (0.0018 sec)
 MySQL  localhost:3306 ssl  tbd_e2  SQL > alter table factura add constraint foreign key (idCliente) references cliente(id);
ERROR: 1452 (23000): Cannot add or update a child row: a foreign key constraint fails (`tbd_e2`.`#sql-1138_c`, CONSTRAINT `factura_ibfk_1` FOREIGN KEY (`idCliente`) REFERENCES `cliente` (`id`))
 MySQL  localhost:3306 ssl  tbd_e2  SQL >
 MySQL  localhost:3306 ssl  tbd_e2  SQL >
 MySQL  localhost:3306 ssl  tbd_e2  SQL > slect * from factura;
ERROR: 1064 (42000): You have an error in your SQL syntax; check the manual that corresponds to your MySQL server version for the right syntax to use near 'slect * from factura' at line 1
 MySQL  localhost:3306 ssl  tbd_e2  SQL > select * from factura;
+-------+-----------+
| folio | idCliente |
+-------+-----------+
|     2 |         2 |
|     4 |         2 |
|     5 |         2 |
|     7 |         2 |
|     8 |         5 |
+-------+-----------+
5 rows in set (0.0012 sec)
 MySQL  localhost:3306 ssl  tbd_e2  SQL > delete from factura where idCliente = 5;
Query OK, 1 row affected (9.0043 sec)
 MySQL  localhost:3306 ssl  tbd_e2  SQL > select * from factura;
+-------+-----------+
| folio | idCliente |
+-------+-----------+
|     2 |         2 |
|     4 |         2 |
|     5 |         2 |
|     7 |         2 |
+-------+-----------+
4 rows in set (0.0011 sec)
 MySQL  localhost:3306 ssl  tbd_e2  SQL > alter table factura add constraint foreign key (idCliente) references cliente(id);
Query OK, 4 rows affected (1 min 27.9898 sec)

Records: 4  Duplicates: 0  Warnings: 0
 MySQL  localhost:3306 ssl  SQL > show create table factura;
+---------+-------------------------------------------------------------------------------------------------------------------------------------------------------------------------------------------------------------------------------------------------------------------------------------------------------------------------------+
| Table   | Create Table                                                                                                                                                                                                                                                                                                                  |
+---------+-------------------------------------------------------------------------------------------------------------------------------------------------------------------------------------------------------------------------------------------------------------------------------------------------------------------------------+
| factura | CREATE TABLE `factura` (
  `folio` int NOT NULL AUTO_INCREMENT,
  `idCliente` int NOT NULL,
  PRIMARY KEY (`folio`),
  KEY `idCliente` (`idCliente`),
  CONSTRAINT `factura_ibfk_1` FOREIGN KEY (`idCliente`) REFERENCES `cliente` (`id`)
) ENGINE=InnoDB AUTO_INCREMENT=9 DEFAULT CHARSET=utf8mb4 COLLATE=utf8mb4_0900_ai_ci |
+---------+-------------------------------------------------------------------------------------------------------------------------------------------------------------------------------------------------------------------------------------------------------------------------------------------------------------------------------+
1 row in set (0.8680 sec)
 MySQL  localhost:3306 ssl  SQL > alter table factura drop constraint factura_ibfk_1;
Query OK, 0 rows affected (23.4190 sec)

Records: 0  Duplicates: 0  Warnings: 0
 MySQL  localhost:3306 ssl  SQL > alter table factura add constraint foreign key (idCliente) references cliente(id) on delete restrict on update restrict;
Query OK, 4 rows affected (2 min 18.2963 sec)

Records: 4  Duplicates: 0  Warnings: 0
 MySQL  localhost:3306 ssl  SQL > show create table factura;
+---------+---------------------------------------------------------------------------------------------------------------------------------------------------------------------------------------------------------------------------------------------------------------------------------------------------------------------------------------------------------------------+
| Table   | Create Table                                                                                                                                                                                                                                                                                                                                                        |
+---------+---------------------------------------------------------------------------------------------------------------------------------------------------------------------------------------------------------------------------------------------------------------------------------------------------------------------------------------------------------------------+
| factura | CREATE TABLE `factura` (
  `folio` int NOT NULL AUTO_INCREMENT,
  `idCliente` int NOT NULL,
  PRIMARY KEY (`folio`),
  KEY `idCliente` (`idCliente`),
  CONSTRAINT `factura_ibfk_1` FOREIGN KEY (`idCliente`) REFERENCES `cliente` (`id`) ON DELETE RESTRICT ON UPDATE RESTRICT
) ENGINE=InnoDB AUTO_INCREMENT=9 DEFAULT CHARSET=utf8mb4 COLLATE=utf8mb4_0900_ai_ci |
+---------+---------------------------------------------------------------------------------------------------------------------------------------------------------------------------------------------------------------------------------------------------------------------------------------------------------------------------------------------------------------------+
1 row in set (0.1669 sec)
 MySQL  localhost:3306 ssl  SQL > select * factura;
ERROR: 1064 (42000): You have an error in your SQL syntax; check the manual that corresponds to your MySQL server version for the right syntax to use near 'factura' at line 1
 MySQL  localhost:3306 ssl  SQL > select * from factura;
+-------+-----------+
| folio | idCliente |
+-------+-----------+
|     2 |         2 |
|     4 |         2 |
|     5 |         2 |
|     7 |         2 |
+-------+-----------+
4 rows in set (0.0019 sec)
 MySQL  localhost:3306 ssl  SQL > select * from cliente;
+----+--------+-----------+---------------+
| id | nombre | apellidos | rfc           |
+----+--------+-----------+---------------+
|  2 | Adi    | Rodriguez | MSD2312341324 |
+----+--------+-----------+---------------+
1 row in set (0.1315 sec)
 MySQL  localhost:3306 ssl  SQL > delete from cliente where id = 2;
ERROR: 1451 (23000): Cannot delete or update a parent row: a foreign key constraint fails (`tbd_e2`.`factura`, CONSTRAINT `factura_ibfk_1` FOREIGN KEY (`idCliente`) REFERENCES `cliente` (`id`) ON DELETE RESTRICT ON UPDATE RESTRICT)
 MySQL  localhost:3306 ssl  SQL > update cliente
                               -> set id = 5where id = 2;
ERROR: 1064 (42000): You have an error in your SQL syntax; check the manual that corresponds to your MySQL server version for the right syntax to use near 'id = 2' at line 2
 MySQL  localhost:3306 ssl  SQL > drop constraint factura_ibfk_1;
ERROR: 1064 (42000): You have an error in your SQL syntax; check the manual that corresponds to your MySQL server version for the right syntax to use near 'constraint factura_ibfk_1' at line 1
 MySQL  localhost:3306 ssl  SQL > alter table factura drop constraint factura_ibfk_1;
Query OK, 0 rows affected (11.5297 sec)

Records: 0  Duplicates: 0  Warnings: 0
 MySQL  localhost:3306 ssl  SQL > alter table factura
                               -> add constraint foreign key (idCliente)
                               -> references cliente(id)
                               -> on delete cascade
                               -> on update cascade;
Query OK, 4 rows affected (4.6936 sec)

Records: 4  Duplicates: 0  Warnings: 0
 MySQL  localhost:3306 ssl  SQL > update cliente set id = 5 where id = 2;
Query OK, 1 row affected (1.0330 sec)

Rows matched: 1  Changed: 1  Warnings: 0
 MySQL  localhost:3306 ssl  SQL > select from cliente;

ERROR: 1064 (42000): You have an error in your SQL syntax; check the manual that corresponds to your MySQL server version for the right syntax to use near 'from cliente' at line 1
 MySQL  localhost:3306 ssl  SQL > select * from cliente;
+----+--------+-----------+---------------+
| id | nombre | apellidos | rfc           |
+----+--------+-----------+---------------+
|  5 | Adi    | Rodriguez | MSD2312341324 |
+----+--------+-----------+---------------+
1 row in set (0.0023 sec)
 MySQL  localhost:3306 ssl  SQL > select * from factura;
+-------+-----------+
| folio | idCliente |
+-------+-----------+
|     2 |         5 |
|     4 |         5 |
|     5 |         5 |
|     7 |         5 |
+-------+-----------+
4 rows in set (0.0016 sec)
 MySQL  localhost:3306 ssl  SQL > deleate from cliente where id = 5;
ERROR: 1064 (42000): You have an error in your SQL syntax; check the manual that corresponds to your MySQL server version for the right syntax to use near 'deleate from cliente where id = 5' at line 1
 MySQL  localhost:3306 ssl  SQL > delete from cliente where id = 5;
Query OK, 1 row affected (1.1577 sec)
 MySQL  localhost:3306 ssl  SQL > select * from cliente;
Empty set (0.0021 sec)
 MySQL  localhost:3306 ssl  SQL > select * from factura;
Empty set (0.0017 sec)
 MySQL  localhost:3306 ssl  SQL > alter table factura drop constraint factura_ibfk_1;
Query OK, 0 rows affected (2.1221 sec)

Records: 0  Duplicates: 0  Warnings: 0
 MySQL  localhost:3306 ssl  SQL > desc cliente;
+-----------+-------------+------+-----+---------+----------------+
| Field     | Type        | Null | Key | Default | Extra          |
+-----------+-------------+------+-----+---------+----------------+
| id        | int         | NO   | PRI | NULL    | auto_increment |
| nombre    | varchar(50) | NO   |     | NULL    |                |
| apellidos | varchar(50) | YES  |     | NULL    |                |
| rfc       | varchar(13) | NO   |     | NULL    |                |
+-----------+-------------+------+-----+---------+----------------+
4 rows in set (0.0141 sec)
 MySQL  localhost:3306 ssl  SQL > insert into cliente(nombre, apellido, rfc) values ("Alan", "Rivas", "LEAN123"),("XXX","YYY","ASDF123");
ERROR: 1054 (42S22): Unknown column 'apellido' in 'field list'
 MySQL  localhost:3306 ssl  SQL > insert into cliente(nombre, apellidos, rfc) values ("Alan", "Rivas", "LEAN123"),("XXX","YYY","ASDF123");
Query OK, 2 rows affected (0.4832 sec)

Records: 2  Duplicates: 0  Warnings: 0
 MySQL  localhost:3306 ssl  SQL > select * from cliente;
+----+--------+-----------+---------+
| id | nombre | apellidos | rfc     |
+----+--------+-----------+---------+
|  6 | Alan   | Rivas     | LEAN123 |
|  7 | XXX    | YYY       | ASDF123 |
+----+--------+-----------+---------+
2 rows in set (0.0011 sec)
 MySQL  localhost:3306 ssl  SQL > insert into factura(idCliente) values (6),(6),(7),(7),(7),(7);
Query OK, 6 rows affected (1.2744 sec)

Records: 6  Duplicates: 0  Warnings: 0
 MySQL  localhost:3306 ssl  SQL > select * from factura;
+-------+-----------+
| folio | idCliente |
+-------+-----------+
|     9 |         6 |
|    10 |         6 |
|    11 |         7 |
|    12 |         7 |
|    13 |         7 |
|    14 |         7 |
+-------+-----------+
6 rows in set (0.0015 sec)
 MySQL  localhost:3306 ssl  SQL > desc factura;
+-----------+------+------+-----+---------+----------------+
| Field     | Type | Null | Key | Default | Extra          |
+-----------+------+------+-----+---------+----------------+
| folio     | int  | NO   | PRI | NULL    | auto_increment |
| idCliente | int  | NO   | MUL | NULL    |                |
+-----------+------+------+-----+---------+----------------+
2 rows in set (0.0051 sec)
 MySQL  localhost:3306 ssl  SQL > alter table factura add constraint foreign key (idCliente) references cliente(id) on delete on action on update no action;
ERROR: 1064 (42000): You have an error in your SQL syntax; check the manual that corresponds to your MySQL server version for the right syntax to use near 'on action on update no action' at line 1
 MySQL  localhost:3306 ssl  SQL > alter table factura add constraint foreign key (idCliente) references cliente(id) on delete no action on update no action;
Query OK, 6 rows affected (18.9783 sec)

Records: 6  Duplicates: 0  Warnings: 0
 MySQL  localhost:3306 ssl  SQL > delete from cliente where id = 6;
ERROR: 1451 (23000): Cannot delete or update a parent row: a foreign key constraint fails (`tbd_e2`.`factura`, CONSTRAINT `factura_ibfk_1` FOREIGN KEY (`idCliente`) REFERENCES `cliente` (`id`))
 MySQL  localhost:3306 ssl  SQL > update cliente set id = 4 where id= 6;
ERROR: 1451 (23000): Cannot delete or update a parent row: a foreign key constraint fails (`tbd_e2`.`factura`, CONSTRAINT `factura_ibfk_1` FOREIGN KEY (`idCliente`) REFERENCES `cliente` (`id`))
 MySQL  localhost:3306 ssl  SQL > alter table factura drop constraint factura_ibfk_1;
Query OK, 0 rows affected (7.3317 sec)

Records: 0  Duplicates: 0  Warnings: 0
 MySQL  localhost:3306 ssl  SQL > alter table factura
                               -> add constraint foreign key(idCliente)
                               -> references cliente(id)
                               -> on delete csacade
                               -> on update cascade;
ERROR: 1064 (42000): You have an error in your SQL syntax; check the manual that corresponds to your MySQL server version for the right syntax to use near 'csacade
on update cascade' at line 4
 MySQL  localhost:3306 ssl  SQL > alter table factura
                               -> add constraint foreign key(idCliente)
                               -> references cliente(id)
                               -> on delete cascade
                               -> on update cascade;
Query OK, 6 rows affected (4.7642 sec)

Records: 6  Duplicates: 0  Warnings: 0
 MySQL  localhost:3306 ssl  SQL >
